[28-Jul-2022 04:09:08 Europe/Berlin] PHP Warning:  Undefined array key "loggedin" in D:\Courses\CSIS-3280 Web Based Scripting\Project\PHP_Project\inc\Utility\LoginManager.class.php on line 9
[28-Jul-2022 05:30:50 Europe/Berlin] PHP Fatal error:  Uncaught Error: Call to a member function query() on null in D:\Courses\CSIS-3280 Web Based Scripting\Project\PHP_Project\inc\Utility\MentorDAO.class.php:46
Stack trace:
#0 D:\Courses\CSIS-3280 Web Based Scripting\Project\PHP_Project\Mentor_management.php(54): MentorDAO::getMentors()
#1 {main}
  thrown in D:\Courses\CSIS-3280 Web Based Scripting\Project\PHP_Project\inc\Utility\MentorDAO.class.php on line 46
[28-Jul-2022 05:34:03 Europe/Berlin] PHP Warning:  Undefined array key "mentor_first_name" in D:\Courses\CSIS-3280 Web Based Scripting\Project\PHP_Project\Mentor_management.php on line 36
[28-Jul-2022 05:34:03 Europe/Berlin] PHP Warning:  Undefined array key "mentor_last_name" in D:\Courses\CSIS-3280 Web Based Scripting\Project\PHP_Project\Mentor_management.php on line 37
[28-Jul-2022 05:34:03 Europe/Berlin] PHP Warning:  Undefined array key "mentor_email" in D:\Courses\CSIS-3280 Web Based Scripting\Project\PHP_Project\Mentor_management.php on line 38
[28-Jul-2022 05:34:03 Europe/Berlin] PHP Warning:  Undefined array key "mentor_gender" in D:\Courses\CSIS-3280 Web Based Scripting\Project\PHP_Project\Mentor_management.php on line 39
[28-Jul-2022 05:34:03 Europe/Berlin] PHP Warning:  Undefined array key "mentor_degree" in D:\Courses\CSIS-3280 Web Based Scripting\Project\PHP_Project\Mentor_management.php on line 40
[28-Jul-2022 05:34:03 Europe/Berlin] PHP Warning:  Undefined array key "mentor_expert_field" in D:\Courses\CSIS-3280 Web Based Scripting\Project\PHP_Project\Mentor_management.php on line 41
[28-Jul-2022 05:34:03 Europe/Berlin] PHP Warning:  Undefined array key "mentor_schedule_date" in D:\Courses\CSIS-3280 Web Based Scripting\Project\PHP_Project\Mentor_management.php on line 42
[28-Jul-2022 05:34:03 Europe/Berlin] PHP Warning:  Undefined array key "mentor_start_time" in D:\Courses\CSIS-3280 Web Based Scripting\Project\PHP_Project\Mentor_management.php on line 43
[28-Jul-2022 05:34:03 Europe/Berlin] PHP Warning:  Undefined array key "mentor_end_time" in D:\Courses\CSIS-3280 Web Based Scripting\Project\PHP_Project\Mentor_management.php on line 44
[28-Jul-2022 05:34:03 Europe/Berlin] PHP Fatal error:  Uncaught PDOException: SQLSTATE[23000]: Integrity constraint violation: 1048 Column 'mentor_email' cannot be null in D:\Courses\CSIS-3280 Web Based Scripting\Project\PHP_Project\inc\Utility\PDOService.class.php:75
Stack trace:
#0 D:\Courses\CSIS-3280 Web Based Scripting\Project\PHP_Project\inc\Utility\PDOService.class.php(75): PDOStatement->execute()
#1 D:\Courses\CSIS-3280 Web Based Scripting\Project\PHP_Project\inc\Utility\MentorDAO.class.php(36): PDOService->execute()
#2 D:\Courses\CSIS-3280 Web Based Scripting\Project\PHP_Project\Mentor_management.php(46): MentorDAO::createMentor(Object(Mentor))
#3 {main}
  thrown in D:\Courses\CSIS-3280 Web Based Scripting\Project\PHP_Project\inc\Utility\PDOService.class.php on line 75
[28-Jul-2022 05:36:50 Europe/Berlin] PHP Warning:  Undefined array key "mentor_first_name" in D:\Courses\CSIS-3280 Web Based Scripting\Project\PHP_Project\Mentor_management.php on line 36
[28-Jul-2022 05:36:50 Europe/Berlin] PHP Warning:  Undefined array key "mentor_last_name" in D:\Courses\CSIS-3280 Web Based Scripting\Project\PHP_Project\Mentor_management.php on line 37
[28-Jul-2022 05:36:50 Europe/Berlin] PHP Warning:  Undefined array key "mentor_email" in D:\Courses\CSIS-3280 Web Based Scripting\Project\PHP_Project\Mentor_management.php on line 38
[28-Jul-2022 05:36:50 Europe/Berlin] PHP Warning:  Undefined array key "mentor_gender" in D:\Courses\CSIS-3280 Web Based Scripting\Project\PHP_Project\Mentor_management.php on line 39
[28-Jul-2022 05:36:50 Europe/Berlin] PHP Warning:  Undefined array key "mentor_degree" in D:\Courses\CSIS-3280 Web Based Scripting\Project\PHP_Project\Mentor_management.php on line 40
[28-Jul-2022 05:36:50 Europe/Berlin] PHP Warning:  Undefined array key "mentor_expert_field" in D:\Courses\CSIS-3280 Web Based Scripting\Project\PHP_Project\Mentor_management.php on line 41
[28-Jul-2022 05:36:50 Europe/Berlin] PHP Warning:  Undefined array key "mentor_schedule_date" in D:\Courses\CSIS-3280 Web Based Scripting\Project\PHP_Project\Mentor_management.php on line 42
[28-Jul-2022 05:36:50 Europe/Berlin] PHP Warning:  Undefined array key "mentor_start_time" in D:\Courses\CSIS-3280 Web Based Scripting\Project\PHP_Project\Mentor_management.php on line 43
[28-Jul-2022 05:36:50 Europe/Berlin] PHP Warning:  Undefined array key "mentor_end_time" in D:\Courses\CSIS-3280 Web Based Scripting\Project\PHP_Project\Mentor_management.php on line 44
[28-Jul-2022 05:36:50 Europe/Berlin] PHP Fatal error:  Uncaught PDOException: SQLSTATE[23000]: Integrity constraint violation: 1048 Column 'mentor_email' cannot be null in D:\Courses\CSIS-3280 Web Based Scripting\Project\PHP_Project\inc\Utility\PDOService.class.php:75
Stack trace:
#0 D:\Courses\CSIS-3280 Web Based Scripting\Project\PHP_Project\inc\Utility\PDOService.class.php(75): PDOStatement->execute()
#1 D:\Courses\CSIS-3280 Web Based Scripting\Project\PHP_Project\inc\Utility\MentorDAO.class.php(36): PDOService->execute()
#2 D:\Courses\CSIS-3280 Web Based Scripting\Project\PHP_Project\Mentor_management.php(46): MentorDAO::createMentor(Object(Mentor))
#3 {main}
  thrown in D:\Courses\CSIS-3280 Web Based Scripting\Project\PHP_Project\inc\Utility\PDOService.class.php on line 75
[28-Jul-2022 05:39:02 Europe/Berlin] PHP Warning:  Undefined array key "mentor_first_name" in D:\Courses\CSIS-3280 Web Based Scripting\Project\PHP_Project\Mentor_management.php on line 36
[28-Jul-2022 05:39:02 Europe/Berlin] PHP Warning:  Undefined array key "mentor_last_name" in D:\Courses\CSIS-3280 Web Based Scripting\Project\PHP_Project\Mentor_management.php on line 37
[28-Jul-2022 05:39:02 Europe/Berlin] PHP Warning:  Undefined array key "mentor_email" in D:\Courses\CSIS-3280 Web Based Scripting\Project\PHP_Project\Mentor_management.php on line 38
[28-Jul-2022 05:39:02 Europe/Berlin] PHP Warning:  Undefined array key "mentor_gender" in D:\Courses\CSIS-3280 Web Based Scripting\Project\PHP_Project\Mentor_management.php on line 39
[28-Jul-2022 05:39:02 Europe/Berlin] PHP Warning:  Undefined array key "mentor_degree" in D:\Courses\CSIS-3280 Web Based Scripting\Project\PHP_Project\Mentor_management.php on line 40
[28-Jul-2022 05:39:02 Europe/Berlin] PHP Warning:  Undefined array key "mentor_expert_field" in D:\Courses\CSIS-3280 Web Based Scripting\Project\PHP_Project\Mentor_management.php on line 41
[28-Jul-2022 05:39:02 Europe/Berlin] PHP Warning:  Undefined array key "mentor_schedule_date" in D:\Courses\CSIS-3280 Web Based Scripting\Project\PHP_Project\Mentor_management.php on line 42
[28-Jul-2022 05:39:02 Europe/Berlin] PHP Warning:  Undefined array key "mentor_start_time" in D:\Courses\CSIS-3280 Web Based Scripting\Project\PHP_Project\Mentor_management.php on line 43
[28-Jul-2022 05:39:02 Europe/Berlin] PHP Warning:  Undefined array key "mentor_end_time" in D:\Courses\CSIS-3280 Web Based Scripting\Project\PHP_Project\Mentor_management.php on line 44
[28-Jul-2022 05:39:02 Europe/Berlin] PHP Fatal error:  Uncaught PDOException: SQLSTATE[23000]: Integrity constraint violation: 1048 Column 'mentor_email' cannot be null in D:\Courses\CSIS-3280 Web Based Scripting\Project\PHP_Project\inc\Utility\PDOService.class.php:75
Stack trace:
#0 D:\Courses\CSIS-3280 Web Based Scripting\Project\PHP_Project\inc\Utility\PDOService.class.php(75): PDOStatement->execute()
#1 D:\Courses\CSIS-3280 Web Based Scripting\Project\PHP_Project\inc\Utility\MentorDAO.class.php(36): PDOService->execute()
#2 D:\Courses\CSIS-3280 Web Based Scripting\Project\PHP_Project\Mentor_management.php(46): MentorDAO::createMentor(Object(Mentor))
#3 {main}
  thrown in D:\Courses\CSIS-3280 Web Based Scripting\Project\PHP_Project\inc\Utility\PDOService.class.php on line 75
[28-Jul-2022 05:46:50 Europe/Berlin] PHP Warning:  Undefined array key "mentor_first_name" in D:\Courses\CSIS-3280 Web Based Scripting\Project\PHP_Project\Mentor_management.php on line 36
[28-Jul-2022 05:46:50 Europe/Berlin] PHP Warning:  Undefined array key "mentor_last_name" in D:\Courses\CSIS-3280 Web Based Scripting\Project\PHP_Project\Mentor_management.php on line 37
[28-Jul-2022 05:46:50 Europe/Berlin] PHP Warning:  Undefined array key "mentor_email" in D:\Courses\CSIS-3280 Web Based Scripting\Project\PHP_Project\Mentor_management.php on line 38
[28-Jul-2022 05:46:50 Europe/Berlin] PHP Warning:  Undefined array key "mentor_gender" in D:\Courses\CSIS-3280 Web Based Scripting\Project\PHP_Project\Mentor_management.php on line 39
[28-Jul-2022 05:46:50 Europe/Berlin] PHP Warning:  Undefined array key "mentor_degree" in D:\Courses\CSIS-3280 Web Based Scripting\Project\PHP_Project\Mentor_management.php on line 40
[28-Jul-2022 05:46:50 Europe/Berlin] PHP Warning:  Undefined array key "mentor_expert_field" in D:\Courses\CSIS-3280 Web Based Scripting\Project\PHP_Project\Mentor_management.php on line 41
[28-Jul-2022 05:46:50 Europe/Berlin] PHP Warning:  Undefined array key "mentor_schedule_date" in D:\Courses\CSIS-3280 Web Based Scripting\Project\PHP_Project\Mentor_management.php on line 42
[28-Jul-2022 05:46:50 Europe/Berlin] PHP Warning:  Undefined array key "mentor_start_time" in D:\Courses\CSIS-3280 Web Based Scripting\Project\PHP_Project\Mentor_management.php on line 43
[28-Jul-2022 05:46:50 Europe/Berlin] PHP Warning:  Undefined array key "mentor_end_time" in D:\Courses\CSIS-3280 Web Based Scripting\Project\PHP_Project\Mentor_management.php on line 44
[28-Jul-2022 05:46:50 Europe/Berlin] PHP Fatal error:  Uncaught PDOException: SQLSTATE[23000]: Integrity constraint violation: 1048 Column 'mentor_email' cannot be null in D:\Courses\CSIS-3280 Web Based Scripting\Project\PHP_Project\inc\Utility\PDOService.class.php:75
Stack trace:
#0 D:\Courses\CSIS-3280 Web Based Scripting\Project\PHP_Project\inc\Utility\PDOService.class.php(75): PDOStatement->execute()
#1 D:\Courses\CSIS-3280 Web Based Scripting\Project\PHP_Project\inc\Utility\MentorDAO.class.php(36): PDOService->execute()
#2 D:\Courses\CSIS-3280 Web Based Scripting\Project\PHP_Project\Mentor_management.php(46): MentorDAO::createMentor(Object(Mentor))
#3 {main}
  thrown in D:\Courses\CSIS-3280 Web Based Scripting\Project\PHP_Project\inc\Utility\PDOService.class.php on line 75
